STDOUT:
============================= test session starts =============================
platform win32 -- Python 3.13.2, pytest-9.0.1, pluggy-1.6.0 -- C:\Users\우리집\AppData\Local\Programs\Python\Python313\python.exe
cachedir: .pytest_cache
rootdir: C:\shining-quasar
configfile: pyproject.toml
plugins: anyio-4.11.0, langsmith-0.4.46, asyncio-1.3.0, cov-7.0.0
asyncio: mode=Mode.STRICT, debug=False, asyncio_default_fixture_loop_scope=None, asyncio_default_test_loop_scope=function
collecting ... collected 12 items

tests/test_deprecation_warnings.py::TestDeprecationWarnings::test_constants_shim_warning PASSED [  8%]
tests/test_deprecation_warnings.py::TestDeprecationWarnings::test_exceptions_shim_warning PASSED [ 16%]
tests/test_deprecation_warnings.py::TestDeprecationWarnings::test_models_shim_warning PASSED [ 25%]
tests/test_deprecation_warnings.py::TestDeprecationWarnings::test_utils_shim_warning PASSED [ 33%]
tests/test_deprecation_warnings.py::TestDeprecationWarnings::test_logging_setup_shim_warning PASSED [ 41%]
tests/test_deprecation_warnings.py::TestDeprecationWarnings::test_neo4j_utils_shim_warning PASSED [ 50%]
tests/test_deprecation_warnings.py::TestDeprecationWarnings::test_worker_shim_warning PASSED [ 58%]
tests/test_deprecation_warnings.py::TestDeprecationWarnings::test_data_loader_shim_warning PASSED [ 66%]
tests/test_deprecation_warnings.py::TestDeprecationWarnings::test_qa_rag_system_shim_warning PASSED [ 75%]
tests/test_deprecation_warnings.py::TestDeprecationWarnings::test_caching_layer_shim_warning PASSED [ 83%]
tests/test_deprecation_warnings.py::TestDeprecationWarnings::test_graph_enhanced_router_shim_warning PASSED [ 91%]
tests/test_deprecation_warnings.py::TestDeprecationWarnings::test_config_shim_no_warning_for_package_import PASSED [100%]

============================= 12 passed in 2.70s ==============================


STDERR:
C:\Users\우리집\AppData\Local\Programs\Python\Python313\Lib\site-packages\neo4j\_async\driver.py:543: ResourceWarning: unclosed  AsyncNeo4jDriver: <neo4j._async.driver.AsyncNeo4jDriver object at 0x0000025FEF4CE900>.


Return code: 0
