Test 1 (logging_setup): 1 warnings
  Message: Importing from 'src.logging_setup' is deprecated. Use 'from src.infra.logging import setup_logging, log_metrics' instead.
  Category: <class 'DeprecationWarning'>
Test 2 (neo4j_utils): 1 warnings
  Message: Importing from 'src.neo4j_utils' is deprecated. Use 'from src.infra.neo4j import SafeDriver, get_neo4j_driver_from_env' instead.
Test 3 (worker): 1 warnings
  Message: Importing from 'src.worker' is deprecated. Use 'from src.infra.worker import ...' instead.
Test 4 (data_loader): 1 warnings
  Message: Importing from 'src.data_loader' is deprecated. Use 'from src.processing.loader import DataLoader' instead.
Test 5 (caching_layer): 0 warnings
Test 6 (graph_enhanced_router): 1 warnings
  Message: Importing from 'src.graph_enhanced_router' is deprecated. Use 'from src.routing.graph_router import GraphEnhancedRouter' instead.
python : C:\Users\우리집
\AppData\Local\Progra
ms\Python\Python313\L
ib\site-packages\neo4
j\_async\driver.py:54
3: ResourceWarning: u
nclosed  AsyncNeo4jDr
iver: <neo4j._async.d
river.AsyncNeo4jDrive
r object at 0x0000027
7ECC5E660>.
At line:1 char:1
+ python test_warning
s_quick.py > test_out
put.txt 2>&1; cat tes
t_output ...
+ ~~~~~~~~~~~~~~~~~~~
~~~~~~~~~~~~~~~~~~~~~
~~~~~~~~~~~~
    + CategoryInfo   
           : NotSpe  
  cified: (C:\User   
 s\우리집\Ap...00277    
ECC5E660>.:Strin    g
) [], RemoteExc    ep
tion
    + FullyQualified 
   ErrorId : Native  
  CommandError
 
